// Jest Snapshot v1, https://goo.gl/fbAQLP

exports[`Should render App Component 1`] = `
<Fragment>
  <h1>
    ReactJS App
  </h1>
</Fragment>
`;
